{"orientation":1,"duration":7407,"width":640,"height":480,"fps":30.1,"has_video":true,"has_audio":true}