{"orientation":1,"duration":3925,"width":492,"height":360,"fps":30,"has_video":true,"has_audio":true}