{"orientation":1,"duration":3925,"width":492,"height":360,"has_video":true,"has_audio":true}