{"orientation":0,"duration":13536,"has_video":false,"has_audio":true}