{"orientation":3,"duration":2544,"width":480,"height":360,"fps":30,"selected_frame":19,"has_video":true,"has_audio":true}