{"orientation":6,"duration":2544,"width":360,"height":480,"has_video":true,"has_audio":true,"has_alpha":false}