{"orientation":1,"duration":2560,"width":480,"height":360,"fps":29.97002997002997,"has_video":true,"has_audio":true}