{"orientation":3,"duration":2544,"width":480,"height":360,"has_video":true,"has_audio":true,"has_alpha":false}