{"orientation":6,"duration":2544,"width":360,"height":480,"fps":29.97002997002997,"has_video":true,"has_audio":true}