{"orientation":1,"duration":2544,"width":480,"height":360,"fps":30,"selected_frame":20,"has_video":true,"has_audio":true}