{"orientation":8,"duration":2544,"width":360,"height":480,"fps":30,"selected_frame":5,"has_video":true,"has_audio":true}