{"orientation":1,"duration":1906,"width":1280,"height":720,"fps":90000,"has_video":true,"has_audio":true}